../Core/Src/main.c:64:6:HAL_UART_RxCpltCallback	16	static
../Core/Src/main.c:70:6:HAL_UART_RxHalfCpltCallback	16	static
../Core/Src/main.c:76:6:HAL_UART_TxCpltCallback	16	static
../Core/Src/main.c:80:6:HAL_UART_TxHalfCpltCallback	16	static
../Core/Src/main.c:95:5:main	8	static
../Core/Src/main.c:143:6:SystemClock_Config	72	static
../Core/Src/main.c:182:13:MX_USART2_UART_Init	8	static
../Core/Src/main.c:213:13:MX_DMA_Init	16	static
../Core/Src/main.c:234:13:MX_GPIO_Init	40	static
../Core/Src/main.c:280:6:Error_Handler	4	static,ignoring_inline_asm
